// Jest Snapshot v1, https://goo.gl/fbAQLP

exports[`Should HOC render correctly 1`] = `<div />`;
