// Jest Snapshot v1, https://goo.gl/fbAQLP

exports[`should render PivateRoute with mock component 1`] = `<div />`;
